// Jest Snapshot v1, https://goo.gl/fbAQLP

exports[`shows loading 1`] = `
<h1>
  loading !
</h1>
`;
