// Jest Snapshot v1, https://goo.gl/fbAQLP

exports[`Tile Snapshot can move matches current snapshot 1`] = `
Object {
  "cells": HTMLCollection [
    <div
      class="hex cell"
    >
      <div
        class="hex tile"
        draggable="false"
        style="--color: #85dcbc;"
        title="0--2"
      >
        <span>
          0--2
        </span>
      </div>
    </div>,
    <div
      class="hex cell"
    >
      <div
        class="hex tile"
        draggable="false"
        style="--color: #85dcbc;"
        title="1--2"
      >
        <span>
          1--2
        </span>
      </div>
    </div>,
    <div
      class="hex cell"
    >
      <div
        class="hex tile"
        draggable="false"
        style="--color: #85dcbc;"
        title="5-2"
      >
        <span>
          5-2
        </span>
      </div>
    </div>,
    <div
      class="hex cell"
    >
      <div
        class="hex tile"
        draggable="false"
        style="--color: #85dcbc;"
        title="-1-3"
      >
        <span>
          -1-3
        </span>
      </div>
    </div>,
    <div
      class="hex cell"
    >
      <div
        class="hex tile"
        draggable="false"
        style="--color: #85dcbc;"
        title="3-3"
      >
        <span>
          3-3
        </span>
      </div>
    </div>,
    <div
      class="hex cell"
    >
      <div
        class="hex tile"
        draggable="false"
        style="--color: #85dcbc;"
        title="0-4"
      >
        <span>
          0-4
        </span>
      </div>
    </div>,
    <div
      class="hex cell"
    >
      <div
        class="hex tile"
        draggable="false"
        style="--color: #85dcbc;"
        title="1-4"
      >
        <span>
          1-4
        </span>
      </div>
    </div>,
  ],
  "hextille": <div
    class="hextille right"
  >
    <div
      class="hex-row"
    >
      <div
        class="hidden"
      />
      <div
        class="hex cell"
      >
        <div
          class="hex tile"
          draggable="false"
          style="--color: #85dcbc;"
          title="0--2"
        >
          <span>
            0--2
          </span>
        </div>
      </div>
      <div
        class="hex cell"
      >
        <div
          class="hex tile"
          draggable="false"
          style="--color: #85dcbc;"
          title="1--2"
        >
          <span>
            1--2
          </span>
        </div>
      </div>
      <div
        class="hidden"
      />
      <div
        class="hidden"
      />
      <div
        class="hidden"
      />
      <div
        class="hidden"
      />
    </div>
    <div
      class="hex-row"
    >
      <div
        class="hidden"
      />
      <div
        class="hidden"
      />
      <div
        class="hidden"
      />
      <div
        class="hidden"
      />
      <div
        class="hidden"
      />
      <div
        class="hidden"
      />
      <div
        class="hidden"
      />
    </div>
    <div
      class="hex-row"
    >
      <div
        class="hidden"
      />
      <div
        class="hidden"
      />
      <div
        class="hidden"
      />
      <div
        class="hidden"
      />
      <div
        class="hidden"
      />
      <div
        class="hidden"
      />
      <div
        class="hidden"
      />
    </div>
    <div
      class="hex-row"
    >
      <div
        class="hidden"
      />
      <div
        class="hidden"
      />
      <div
        class="hidden"
      />
      <div
        class="hidden"
      />
      <div
        class="hidden"
      />
      <div
        class="hidden"
      />
      <div
        class="hidden"
      />
    </div>
    <div
      class="hex-row"
    >
      <div
        class="hidden"
      />
      <div
        class="hidden"
      />
      <div
        class="hidden"
      />
      <div
        class="hidden"
      />
      <div
        class="hidden"
      />
      <div
        class="hidden"
      />
      <div
        class="hex cell"
      >
        <div
          class="hex tile"
          draggable="false"
          style="--color: #85dcbc;"
          title="5-2"
        >
          <span>
            5-2
          </span>
        </div>
      </div>
    </div>
    <div
      class="hex-row"
    >
      <div
        class="hex cell"
      >
        <div
          class="hex tile"
          draggable="false"
          style="--color: #85dcbc;"
          title="-1-3"
        >
          <span>
            -1-3
          </span>
        </div>
      </div>
      <div
        class="hidden"
      />
      <div
        class="hidden"
      />
      <div
        class="hidden"
      />
      <div
        class="hex cell"
      >
        <div
          class="hex tile"
          draggable="false"
          style="--color: #85dcbc;"
          title="3-3"
        >
          <span>
            3-3
          </span>
        </div>
      </div>
      <div
        class="hidden"
      />
      <div
        class="hidden"
      />
    </div>
    <div
      class="hex-row"
    >
      <div
        class="hidden"
      />
      <div
        class="hex cell"
      >
        <div
          class="hex tile"
          draggable="false"
          style="--color: #85dcbc;"
          title="0-4"
        >
          <span>
            0-4
          </span>
        </div>
      </div>
      <div
        class="hex cell"
      >
        <div
          class="hex tile"
          draggable="false"
          style="--color: #85dcbc;"
          title="1-4"
        >
          <span>
            1-4
          </span>
        </div>
      </div>
      <div
        class="hidden"
      />
      <div
        class="hidden"
      />
      <div
        class="hidden"
      />
      <div
        class="hidden"
      />
    </div>
  </div>,
  "hidden": HTMLCollection [
    <div
      class="hidden"
    />,
    <div
      class="hidden"
    />,
    <div
      class="hidden"
    />,
    <div
      class="hidden"
    />,
    <div
      class="hidden"
    />,
    <div
      class="hidden"
    />,
    <div
      class="hidden"
    />,
    <div
      class="hidden"
    />,
    <div
      class="hidden"
    />,
    <div
      class="hidden"
    />,
    <div
      class="hidden"
    />,
    <div
      class="hidden"
    />,
    <div
      class="hidden"
    />,
    <div
      class="hidden"
    />,
    <div
      class="hidden"
    />,
    <div
      class="hidden"
    />,
    <div
      class="hidden"
    />,
    <div
      class="hidden"
    />,
    <div
      class="hidden"
    />,
    <div
      class="hidden"
    />,
    <div
      class="hidden"
    />,
    <div
      class="hidden"
    />,
    <div
      class="hidden"
    />,
    <div
      class="hidden"
    />,
    <div
      class="hidden"
    />,
    <div
      class="hidden"
    />,
    <div
      class="hidden"
    />,
    <div
      class="hidden"
    />,
    <div
      class="hidden"
    />,
    <div
      class="hidden"
    />,
    <div
      class="hidden"
    />,
    <div
      class="hidden"
    />,
    <div
      class="hidden"
    />,
    <div
      class="hidden"
    />,
    <div
      class="hidden"
    />,
    <div
      class="hidden"
    />,
    <div
      class="hidden"
    />,
    <div
      class="hidden"
    />,
    <div
      class="hidden"
    />,
    <div
      class="hidden"
    />,
    <div
      class="hidden"
    />,
    <div
      class="hidden"
    />,
  ],
  "rows": HTMLCollection [
    <div
      class="hex-row"
    >
      <div
        class="hidden"
      />
      <div
        class="hex cell"
      >
        <div
          class="hex tile"
          draggable="false"
          style="--color: #85dcbc;"
          title="0--2"
        >
          <span>
            0--2
          </span>
        </div>
      </div>
      <div
        class="hex cell"
      >
        <div
          class="hex tile"
          draggable="false"
          style="--color: #85dcbc;"
          title="1--2"
        >
          <span>
            1--2
          </span>
        </div>
      </div>
      <div
        class="hidden"
      />
      <div
        class="hidden"
      />
      <div
        class="hidden"
      />
      <div
        class="hidden"
      />
    </div>,
    <div
      class="hex-row"
    >
      <div
        class="hidden"
      />
      <div
        class="hidden"
      />
      <div
        class="hidden"
      />
      <div
        class="hidden"
      />
      <div
        class="hidden"
      />
      <div
        class="hidden"
      />
      <div
        class="hidden"
      />
    </div>,
    <div
      class="hex-row"
    >
      <div
        class="hidden"
      />
      <div
        class="hidden"
      />
      <div
        class="hidden"
      />
      <div
        class="hidden"
      />
      <div
        class="hidden"
      />
      <div
        class="hidden"
      />
      <div
        class="hidden"
      />
    </div>,
    <div
      class="hex-row"
    >
      <div
        class="hidden"
      />
      <div
        class="hidden"
      />
      <div
        class="hidden"
      />
      <div
        class="hidden"
      />
      <div
        class="hidden"
      />
      <div
        class="hidden"
      />
      <div
        class="hidden"
      />
    </div>,
    <div
      class="hex-row"
    >
      <div
        class="hidden"
      />
      <div
        class="hidden"
      />
      <div
        class="hidden"
      />
      <div
        class="hidden"
      />
      <div
        class="hidden"
      />
      <div
        class="hidden"
      />
      <div
        class="hex cell"
      >
        <div
          class="hex tile"
          draggable="false"
          style="--color: #85dcbc;"
          title="5-2"
        >
          <span>
            5-2
          </span>
        </div>
      </div>
    </div>,
    <div
      class="hex-row"
    >
      <div
        class="hex cell"
      >
        <div
          class="hex tile"
          draggable="false"
          style="--color: #85dcbc;"
          title="-1-3"
        >
          <span>
            -1-3
          </span>
        </div>
      </div>
      <div
        class="hidden"
      />
      <div
        class="hidden"
      />
      <div
        class="hidden"
      />
      <div
        class="hex cell"
      >
        <div
          class="hex tile"
          draggable="false"
          style="--color: #85dcbc;"
          title="3-3"
        >
          <span>
            3-3
          </span>
        </div>
      </div>
      <div
        class="hidden"
      />
      <div
        class="hidden"
      />
    </div>,
    <div
      class="hex-row"
    >
      <div
        class="hidden"
      />
      <div
        class="hex cell"
      >
        <div
          class="hex tile"
          draggable="false"
          style="--color: #85dcbc;"
          title="0-4"
        >
          <span>
            0-4
          </span>
        </div>
      </div>
      <div
        class="hex cell"
      >
        <div
          class="hex tile"
          draggable="false"
          style="--color: #85dcbc;"
          title="1-4"
        >
          <span>
            1-4
          </span>
        </div>
      </div>
      <div
        class="hidden"
      />
      <div
        class="hidden"
      />
      <div
        class="hidden"
      />
      <div
        class="hidden"
      />
    </div>,
  ],
}
`;
