// Jest Snapshot v1, https://goo.gl/fbAQLP

exports[`app tests updates game after move 1`] = `
Object {
  "asFragment": [Function],
  "baseElement": <body>
    <div>
      <div
        class="hive"
        title="Hive Game Area"
      >
        <aside
          class="players"
        >
          <div
            class="player player1"
            title="Player 2"
          >
            <div
              class="name"
            >
              Player 2
            </div>
            <div
              class="tiles"
            >
              <div
                class="player1 hex tile creature"
                draggable="true"
                tabindex="0"
                title="ant"
              >
                <svg
                  viewBox="0 0 100 100"
                  xmlns="http://www.w3.org/2000/svg"
                >
                  <use
                    href="#hex"
                  />
                  <use
                    class="creature ant"
                    href="#ant"
                  />
                </svg>
              </div>
            </div>
          </div>
        </aside>
        <main>
          <div
            class="links"
          >
            <a
              href="http://localhost/game/33/0"
              name="Share game to opponent"
              title="Share"
            >
              <svg
                viewBox="0 0 100 100"
                xmlns="http://www.w3.org/2000/svg"
              >
                <use
                  href="#share"
                />
              </svg>
            </a>
            <a
              href="/"
              name="New game!"
              title="New Game"
            >
              <svg
                viewBox="0 0 100 100"
                xmlns="http://www.w3.org/2000/svg"
              >
                <use
                  href="#new"
                />
              </svg>
            </a>
            <a
              href="#"
              name="Show rules"
              title="Rules"
            >
              ?
            </a>
            <a
              class="github"
              href="https://github.com/SpiralLogic/hive"
              title="Source code"
            >
              <svg
                viewBox="0 0 100 100"
                xmlns="http://www.w3.org/2000/svg"
              >
                <use
                  href="#github"
                />
              </svg>
            </a>
          </div>
          <div
            class="left"
            role="grid"
          >
            <div
              role="none"
            >
              <div
                class="hide"
                role="none"
              >
                <svg
                  viewBox="0 0 100 100"
                  xmlns="http://www.w3.org/2000/svg"
                >
                  <use
                    href="#hex"
                  />
                </svg>
              </div>
            </div>
            <div
              role="row"
            >
              <div
                role="cell"
              >
                <svg
                  viewBox="0 0 100 100"
                  xmlns="http://www.w3.org/2000/svg"
                >
                  <use
                    href="#hex"
                  />
                </svg>
                <div
                  class="player1 hex tile creature"
                  draggable="true"
                  tabindex="0"
                  title="ant"
                >
                  <svg
                    viewBox="0 0 100 100"
                    xmlns="http://www.w3.org/2000/svg"
                  >
                    <use
                      href="#hex"
                    />
                    <use
                      class="creature ant"
                      href="#ant"
                    />
                  </svg>
                </div>
              </div>
            </div>
            <div
              role="none"
            >
              <div
                class="hide"
                role="none"
              >
                <svg
                  viewBox="0 0 100 100"
                  xmlns="http://www.w3.org/2000/svg"
                >
                  <use
                    href="#hex"
                  />
                </svg>
              </div>
            </div>
          </div>
        </main>
        
        
      </div>
    </div>
  </body>,
  "container": <div>
    <div
      class="hive"
      title="Hive Game Area"
    >
      <aside
        class="players"
      >
        <div
          class="player player1"
          title="Player 2"
        >
          <div
            class="name"
          >
            Player 2
          </div>
          <div
            class="tiles"
          >
            <div
              class="player1 hex tile creature"
              draggable="true"
              tabindex="0"
              title="ant"
            >
              <svg
                viewBox="0 0 100 100"
                xmlns="http://www.w3.org/2000/svg"
              >
                <use
                  href="#hex"
                />
                <use
                  class="creature ant"
                  href="#ant"
                />
              </svg>
            </div>
          </div>
        </div>
      </aside>
      <main>
        <div
          class="links"
        >
          <a
            href="http://localhost/game/33/0"
            name="Share game to opponent"
            title="Share"
          >
            <svg
              viewBox="0 0 100 100"
              xmlns="http://www.w3.org/2000/svg"
            >
              <use
                href="#share"
              />
            </svg>
          </a>
          <a
            href="/"
            name="New game!"
            title="New Game"
          >
            <svg
              viewBox="0 0 100 100"
              xmlns="http://www.w3.org/2000/svg"
            >
              <use
                href="#new"
              />
            </svg>
          </a>
          <a
            href="#"
            name="Show rules"
            title="Rules"
          >
            ?
          </a>
          <a
            class="github"
            href="https://github.com/SpiralLogic/hive"
            title="Source code"
          >
            <svg
              viewBox="0 0 100 100"
              xmlns="http://www.w3.org/2000/svg"
            >
              <use
                href="#github"
              />
            </svg>
          </a>
        </div>
        <div
          class="left"
          role="grid"
        >
          <div
            role="none"
          >
            <div
              class="hide"
              role="none"
            >
              <svg
                viewBox="0 0 100 100"
                xmlns="http://www.w3.org/2000/svg"
              >
                <use
                  href="#hex"
                />
              </svg>
            </div>
          </div>
          <div
            role="row"
          >
            <div
              role="cell"
            >
              <svg
                viewBox="0 0 100 100"
                xmlns="http://www.w3.org/2000/svg"
              >
                <use
                  href="#hex"
                />
              </svg>
              <div
                class="player1 hex tile creature"
                draggable="true"
                tabindex="0"
                title="ant"
              >
                <svg
                  viewBox="0 0 100 100"
                  xmlns="http://www.w3.org/2000/svg"
                >
                  <use
                    href="#hex"
                  />
                  <use
                    class="creature ant"
                    href="#ant"
                  />
                </svg>
              </div>
            </div>
          </div>
          <div
            role="none"
          >
            <div
              class="hide"
              role="none"
            >
              <svg
                viewBox="0 0 100 100"
                xmlns="http://www.w3.org/2000/svg"
              >
                <use
                  href="#hex"
                />
              </svg>
            </div>
          </div>
        </div>
      </main>
      
      
    </div>
  </div>,
  "debug": [Function],
  "findAllByAltText": [Function],
  "findAllByDisplayValue": [Function],
  "findAllByLabelText": [Function],
  "findAllByPlaceholderText": [Function],
  "findAllByRole": [Function],
  "findAllByTestId": [Function],
  "findAllByText": [Function],
  "findAllByTitle": [Function],
  "findByAltText": [Function],
  "findByDisplayValue": [Function],
  "findByLabelText": [Function],
  "findByPlaceholderText": [Function],
  "findByRole": [Function],
  "findByTestId": [Function],
  "findByText": [Function],
  "findByTitle": [Function],
  "getAllByAltText": [Function],
  "getAllByDisplayValue": [Function],
  "getAllByLabelText": [Function],
  "getAllByPlaceholderText": [Function],
  "getAllByRole": [Function],
  "getAllByTestId": [Function],
  "getAllByText": [Function],
  "getAllByTitle": [Function],
  "getByAltText": [Function],
  "getByDisplayValue": [Function],
  "getByLabelText": [Function],
  "getByPlaceholderText": [Function],
  "getByRole": [Function],
  "getByTestId": [Function],
  "getByText": [Function],
  "getByTitle": [Function],
  "queryAllByAltText": [Function],
  "queryAllByDisplayValue": [Function],
  "queryAllByLabelText": [Function],
  "queryAllByPlaceholderText": [Function],
  "queryAllByRole": [Function],
  "queryAllByTestId": [Function],
  "queryAllByText": [Function],
  "queryAllByTitle": [Function],
  "queryByAltText": [Function],
  "queryByDisplayValue": [Function],
  "queryByLabelText": [Function],
  "queryByPlaceholderText": [Function],
  "queryByRole": [Function],
  "queryByTestId": [Function],
  "queryByText": [Function],
  "queryByTitle": [Function],
  "rerender": [Function],
  "unmount": [Function],
}
`;
