// Jest Snapshot v1, https://goo.gl/fbAQLP

exports[`PlayerTiles Tests PlayerTiles snapshot matches current snapshot 1`] = `<body />`;
