// Jest Snapshot v1, https://goo.gl/fbAQLP

exports[`Player connected snapshot tests snapshot 1`] = `null`;
