// Jest Snapshot v1, https://goo.gl/fbAQLP

exports[`PlayerTiles Tests PlayerTiles snapshot matches current snapshot 1`] = `
<div
  class="player player1 hide"
  title="Player 1"
>
  <div
    class="name"
    title="share link for opponent"
  >
    Player 1
  </div>
  <div
    class="tiles"
  />
</div>
`;
