// Vitest Snapshot v1

exports[`<Row> > renders 1`] = `
<div
  role="row"
>
  <div
    class="hide"
    role="none"
  >
    <svg
      viewBox="0 0 100 100"
      xmlns="http://www.w3.org/2000/svg"
    >
      <use
        href="#hex"
      />
    </svg>
  </div>
  <div
    class=""
    role="cell"
  >
    <svg
      viewBox="0 0 100 100"
      xmlns="http://www.w3.org/2000/svg"
    >
      <use
        href="#hex"
      />
    </svg>
  </div>
  <div
    class=""
    role="cell"
  >
    <svg
      viewBox="0 0 100 100"
      xmlns="http://www.w3.org/2000/svg"
    >
      <use
        href="#hex"
      />
    </svg>
  </div>
  <div
    class="hide"
    role="none"
  >
    <svg
      viewBox="0 0 100 100"
      xmlns="http://www.w3.org/2000/svg"
    >
      <use
        href="#hex"
      />
    </svg>
  </div>
</div>
`;

exports[`<Row> renders 1`] = `
<div
  role="row"
>
  <div
    class="hide"
    role="none"
  >
    <svg
      viewBox="0 0 100 100"
      xmlns="http://www.w3.org/2000/svg"
    >
      <use
        href="#hex"
      />
    </svg>
  </div>
  <div
    class=""
    role="cell"
  >
    <svg
      viewBox="0 0 100 100"
      xmlns="http://www.w3.org/2000/svg"
    >
      <use
        href="#hex"
      />
    </svg>
  </div>
  <div
    class=""
    role="cell"
  >
    <svg
      viewBox="0 0 100 100"
      xmlns="http://www.w3.org/2000/svg"
    >
      <use
        href="#hex"
      />
    </svg>
  </div>
  <div
    class="hide"
    role="none"
  >
    <svg
      viewBox="0 0 100 100"
      xmlns="http://www.w3.org/2000/svg"
    >
      <use
        href="#hex"
      />
    </svg>
  </div>
</div>
`;
