// Jest Snapshot v1, https://goo.gl/fbAQLP

exports[`spider Rule snapshot tests snapshot 1`] = `
<div
  class="left"
  role="grid"
>
  <div
    role="row"
  >
    <div
      class="correct"
      role="cell"
    >
      <svg
        viewBox="0 0 100 100"
        xmlns="http://www.w3.org/2000/svg"
      >
        <use
          href="#hex"
        />
      </svg>
      <div
        class="tile"
      >
        <svg
          viewBox="0 0 100 100"
          xmlns="http://www.w3.org/2000/svg"
        >
          <use
            href="#hex"
          />
        </svg>
        <span>
          ✓
        </span>
      </div>
    </div>
    <div
      class="correct"
      role="cell"
    >
      <svg
        viewBox="0 0 100 100"
        xmlns="http://www.w3.org/2000/svg"
      >
        <use
          href="#hex"
        />
      </svg>
      <div
        class="tile"
      >
        <svg
          viewBox="0 0 100 100"
          xmlns="http://www.w3.org/2000/svg"
        >
          <use
            href="#hex"
          />
        </svg>
        <span>
          2
        </span>
      </div>
      <svg
        class="arrow left correct"
        style="--span: 1;"
        viewBox="0 0 100 100"
        xmlns="http://www.w3.org/2000/svg"
      >
        <use
          href="#arrow"
        />
      </svg>
    </div>
    <div
      role="cell"
      style="z-index: 4;"
    >
      <svg
        viewBox="0 0 100 100"
        xmlns="http://www.w3.org/2000/svg"
      >
        <use
          href="#hex"
        />
      </svg>
      <div
        class="tile spider selected"
      >
        <svg
          viewBox="0 0 100 100"
          xmlns="http://www.w3.org/2000/svg"
        >
          <use
            href="#hex"
          />
          <use
            class="creature"
            href="#spider"
          />
        </svg>
      </div>
      <svg
        class="arrow right correct"
        style="--span: 1;"
        viewBox="0 0 100 100"
        xmlns="http://www.w3.org/2000/svg"
      >
        <use
          href="#arrow"
        />
      </svg>
      <svg
        class="arrow bottomLeft correct"
        style="--span: 1;"
        viewBox="0 0 100 100"
        xmlns="http://www.w3.org/2000/svg"
      >
        <use
          href="#arrow"
        />
      </svg>
    </div>
    <div
      class="correct"
      role="cell"
      style="z-index: 3;"
    >
      <svg
        viewBox="0 0 100 100"
        xmlns="http://www.w3.org/2000/svg"
      >
        <use
          href="#hex"
        />
      </svg>
      <div
        class="tile"
      >
        <svg
          viewBox="0 0 100 100"
          xmlns="http://www.w3.org/2000/svg"
        >
          <use
            href="#hex"
          />
        </svg>
        <span>
          1
        </span>
      </div>
      <svg
        class="arrow bottomRight correct"
        style="--span: 1;"
        viewBox="0 0 100 100"
        xmlns="http://www.w3.org/2000/svg"
      >
        <use
          href="#arrow"
        />
      </svg>
    </div>
  </div>
  <div
    role="row"
  >
    <div
      role="none"
    >
      <svg
        viewBox="0 0 100 100"
        xmlns="http://www.w3.org/2000/svg"
      >
        <use
          href="#hex"
        />
      </svg>
    </div>
    <div
      role="cell"
    >
      <svg
        viewBox="0 0 100 100"
        xmlns="http://www.w3.org/2000/svg"
      >
        <use
          href="#hex"
        />
      </svg>
      <div
        class="tile beetle"
      >
        <svg
          viewBox="0 0 100 100"
          xmlns="http://www.w3.org/2000/svg"
        >
          <use
            href="#hex"
          />
          <use
            class="creature"
            href="#beetle"
          />
        </svg>
      </div>
    </div>
    <div
      class="correct"
      role="cell"
      style="z-index: 3;"
    >
      <svg
        viewBox="0 0 100 100"
        xmlns="http://www.w3.org/2000/svg"
      >
        <use
          href="#hex"
        />
      </svg>
      <div
        class="tile"
      >
        <svg
          viewBox="0 0 100 100"
          xmlns="http://www.w3.org/2000/svg"
        >
          <use
            href="#hex"
          />
        </svg>
        <span>
          1
        </span>
      </div>
      <svg
        class="arrow topLeft correct"
        style="--span: 1;"
        viewBox="0 0 100 100"
        xmlns="http://www.w3.org/2000/svg"
      >
        <use
          href="#arrow"
        />
      </svg>
      <svg
        class="arrow bottomLeft correct"
        style="--span: 1;"
        viewBox="0 0 100 100"
        xmlns="http://www.w3.org/2000/svg"
      >
        <use
          href="#arrow"
        />
      </svg>
      <svg
        class="arrow bottomRight correct"
        style="--span: 1;"
        viewBox="0 0 100 100"
        xmlns="http://www.w3.org/2000/svg"
      >
        <use
          href="#arrow"
        />
      </svg>
    </div>
    <div
      role="cell"
    >
      <svg
        viewBox="0 0 100 100"
        xmlns="http://www.w3.org/2000/svg"
      >
        <use
          href="#hex"
        />
      </svg>
      <div
        class="tile spider"
      >
        <svg
          viewBox="0 0 100 100"
          xmlns="http://www.w3.org/2000/svg"
        >
          <use
            href="#hex"
          />
          <use
            class="creature"
            href="#spider"
          />
        </svg>
      </div>
    </div>
    <div
      class="correct"
      role="cell"
      style="z-index: 2;"
    >
      <svg
        viewBox="0 0 100 100"
        xmlns="http://www.w3.org/2000/svg"
      >
        <use
          href="#hex"
        />
      </svg>
      <div
        class="tile"
      >
        <svg
          viewBox="0 0 100 100"
          xmlns="http://www.w3.org/2000/svg"
        >
          <use
            href="#hex"
          />
        </svg>
        <span>
          2
        </span>
      </div>
      <svg
        class="arrow bottomRight correct"
        style="--span: 1;"
        viewBox="0 0 100 100"
        xmlns="http://www.w3.org/2000/svg"
      >
        <use
          href="#arrow"
        />
      </svg>
    </div>
  </div>
  <div
    role="row"
  >
    <div
      role="cell"
    >
      <svg
        viewBox="0 0 100 100"
        xmlns="http://www.w3.org/2000/svg"
      >
        <use
          href="#hex"
        />
      </svg>
      <div
        class="tile ant"
      >
        <svg
          viewBox="0 0 100 100"
          xmlns="http://www.w3.org/2000/svg"
        >
          <use
            href="#hex"
          />
          <use
            class="creature"
            href="#ant"
          />
        </svg>
      </div>
    </div>
    <div
      class="correct"
      role="cell"
      style="z-index: 1;"
    >
      <svg
        viewBox="0 0 100 100"
        xmlns="http://www.w3.org/2000/svg"
      >
        <use
          href="#hex"
        />
      </svg>
      <div
        class="tile"
      >
        <svg
          viewBox="0 0 100 100"
          xmlns="http://www.w3.org/2000/svg"
        >
          <use
            href="#hex"
          />
        </svg>
        <span>
          2
        </span>
      </div>
      <svg
        class="arrow bottomRight correct"
        style="--span: 1;"
        viewBox="0 0 100 100"
        xmlns="http://www.w3.org/2000/svg"
      >
        <use
          href="#arrow"
        />
      </svg>
    </div>
    <div
      class="correct"
      role="cell"
      style="z-index: 1;"
    >
      <svg
        viewBox="0 0 100 100"
        xmlns="http://www.w3.org/2000/svg"
      >
        <use
          href="#hex"
        />
      </svg>
      <div
        class="tile"
      >
        <svg
          viewBox="0 0 100 100"
          xmlns="http://www.w3.org/2000/svg"
        >
          <use
            href="#hex"
          />
        </svg>
        <span>
          2
        </span>
      </div>
      <svg
        class="arrow bottomLeft correct"
        style="--span: 1;"
        viewBox="0 0 100 100"
        xmlns="http://www.w3.org/2000/svg"
      >
        <use
          href="#arrow"
        />
      </svg>
      <svg
        class="arrow bottomRight correct"
        style="--span: 1;"
        viewBox="0 0 100 100"
        xmlns="http://www.w3.org/2000/svg"
      >
        <use
          href="#arrow"
        />
      </svg>
    </div>
    <div
      role="cell"
    >
      <svg
        viewBox="0 0 100 100"
        xmlns="http://www.w3.org/2000/svg"
      >
        <use
          href="#hex"
        />
      </svg>
      <div
        class="tile queen"
      >
        <svg
          viewBox="0 0 100 100"
          xmlns="http://www.w3.org/2000/svg"
        >
          <use
            href="#hex"
          />
          <use
            class="creature"
            href="#queen"
          />
        </svg>
      </div>
    </div>
    <div
      class="correct"
      role="cell"
    >
      <svg
        viewBox="0 0 100 100"
        xmlns="http://www.w3.org/2000/svg"
      >
        <use
          href="#hex"
        />
      </svg>
      <div
        class="tile"
      >
        <svg
          viewBox="0 0 100 100"
          xmlns="http://www.w3.org/2000/svg"
        >
          <use
            href="#hex"
          />
        </svg>
        <span>
          ✓
        </span>
      </div>
    </div>
  </div>
  <div
    role="row"
  >
    <div
      role="none"
    >
      <svg
        viewBox="0 0 100 100"
        xmlns="http://www.w3.org/2000/svg"
      >
        <use
          href="#hex"
        />
      </svg>
    </div>
    <div
      role="cell"
    >
      <svg
        viewBox="0 0 100 100"
        xmlns="http://www.w3.org/2000/svg"
      >
        <use
          href="#hex"
        />
      </svg>
      <div
        class="tile queen"
      >
        <svg
          viewBox="0 0 100 100"
          xmlns="http://www.w3.org/2000/svg"
        >
          <use
            href="#hex"
          />
          <use
            class="creature"
            href="#queen"
          />
        </svg>
      </div>
    </div>
    <div
      class="correct"
      role="cell"
    >
      <svg
        viewBox="0 0 100 100"
        xmlns="http://www.w3.org/2000/svg"
      >
        <use
          href="#hex"
        />
      </svg>
      <div
        class="tile"
      >
        <svg
          viewBox="0 0 100 100"
          xmlns="http://www.w3.org/2000/svg"
        >
          <use
            href="#hex"
          />
        </svg>
        <span>
          ✓
        </span>
      </div>
    </div>
    <div
      class="correct"
      role="cell"
    >
      <svg
        viewBox="0 0 100 100"
        xmlns="http://www.w3.org/2000/svg"
      >
        <use
          href="#hex"
        />
      </svg>
      <div
        class="tile"
      >
        <svg
          viewBox="0 0 100 100"
          xmlns="http://www.w3.org/2000/svg"
        >
          <use
            href="#hex"
          />
        </svg>
        <span>
          ✓
        </span>
      </div>
    </div>
    <div
      role="cell"
    >
      <svg
        viewBox="0 0 100 100"
        xmlns="http://www.w3.org/2000/svg"
      >
        <use
          href="#hex"
        />
      </svg>
      <div
        class="tile beetle"
      >
        <svg
          viewBox="0 0 100 100"
          xmlns="http://www.w3.org/2000/svg"
        >
          <use
            href="#hex"
          />
          <use
            class="creature"
            href="#beetle"
          />
        </svg>
      </div>
    </div>
  </div>
  <div
    role="row"
  >
    <div
      role="none"
    >
      <svg
        viewBox="0 0 100 100"
        xmlns="http://www.w3.org/2000/svg"
      >
        <use
          href="#hex"
        />
      </svg>
    </div>
    <div
      role="cell"
    >
      <svg
        viewBox="0 0 100 100"
        xmlns="http://www.w3.org/2000/svg"
      >
        <use
          href="#hex"
        />
      </svg>
      <div
        class="tile grasshopper"
      >
        <svg
          viewBox="0 0 100 100"
          xmlns="http://www.w3.org/2000/svg"
        >
          <use
            href="#hex"
          />
          <use
            class="creature"
            href="#grasshopper"
          />
        </svg>
      </div>
    </div>
    <div
      role="cell"
    >
      <svg
        viewBox="0 0 100 100"
        xmlns="http://www.w3.org/2000/svg"
      >
        <use
          href="#hex"
        />
      </svg>
      <div
        class="tile grasshopper"
      >
        <svg
          viewBox="0 0 100 100"
          xmlns="http://www.w3.org/2000/svg"
        >
          <use
            href="#hex"
          />
          <use
            class="creature"
            href="#grasshopper"
          />
        </svg>
      </div>
    </div>
    <div
      role="cell"
    >
      <svg
        viewBox="0 0 100 100"
        xmlns="http://www.w3.org/2000/svg"
      >
        <use
          href="#hex"
        />
      </svg>
      <div
        class="tile ant"
      >
        <svg
          viewBox="0 0 100 100"
          xmlns="http://www.w3.org/2000/svg"
        >
          <use
            href="#hex"
          />
          <use
            class="creature"
            href="#ant"
          />
        </svg>
      </div>
    </div>
  </div>
</div>
`;
